<!doctype html public "-//w3c//dtd html 4.0 transitional//en">
<html><head>
<title>Static Call Graph - [.\Objects\LabFinal.axf]</title></head>
<body><HR>
<H1>Static Call Graph for image .\Objects\LabFinal.axf</H1><HR>
<BR><P>#&#060CALLGRAPH&#062# ARM Linker, 5060960: Last Updated: Thu Nov 18 14:21:30 2021
<BR><P>
<H3>Maximum Stack Usage =          0 bytes + Unknown(Functions without stacksize, Cycles, Untraceable Function Pointers)</H3><H3>
Call chain for Maximum Stack Depth:</H3>

<P>
<H3>
Functions with no stack information
</H3><UL>
 <LI><a href="#[34]">__main</a>
</UL>
</UL>
<P>
<H3>
Mutually Recursive functions
</H3> <LI><a href="#[1]">NMI_Handler</a>&nbsp;&nbsp;&nbsp;&rArr;&nbsp;&nbsp;&nbsp;<a href="#[1]">NMI_Handler</a><BR>
 <LI><a href="#[2]">HardFault_Handler</a>&nbsp;&nbsp;&nbsp;&rArr;&nbsp;&nbsp;&nbsp;<a href="#[2]">HardFault_Handler</a><BR>
 <LI><a href="#[3]">MemManage_Handler</a>&nbsp;&nbsp;&nbsp;&rArr;&nbsp;&nbsp;&nbsp;<a href="#[3]">MemManage_Handler</a><BR>
 <LI><a href="#[4]">BusFault_Handler</a>&nbsp;&nbsp;&nbsp;&rArr;&nbsp;&nbsp;&nbsp;<a href="#[4]">BusFault_Handler</a><BR>
 <LI><a href="#[5]">UsageFault_Handler</a>&nbsp;&nbsp;&nbsp;&rArr;&nbsp;&nbsp;&nbsp;<a href="#[5]">UsageFault_Handler</a><BR>
 <LI><a href="#[6]">SVC_Handler</a>&nbsp;&nbsp;&nbsp;&rArr;&nbsp;&nbsp;&nbsp;<a href="#[6]">SVC_Handler</a><BR>
 <LI><a href="#[7]">DebugMon_Handler</a>&nbsp;&nbsp;&nbsp;&rArr;&nbsp;&nbsp;&nbsp;<a href="#[7]">DebugMon_Handler</a><BR>
 <LI><a href="#[8]">PendSV_Handler</a>&nbsp;&nbsp;&nbsp;&rArr;&nbsp;&nbsp;&nbsp;<a href="#[8]">PendSV_Handler</a><BR>
 <LI><a href="#[9]">SysTick_Handler</a>&nbsp;&nbsp;&nbsp;&rArr;&nbsp;&nbsp;&nbsp;<a href="#[9]">SysTick_Handler</a><BR>
 <LI><a href="#[22]">ADC14_IRQHandler</a>&nbsp;&nbsp;&nbsp;&rArr;&nbsp;&nbsp;&nbsp;<a href="#[22]">ADC14_IRQHandler</a><BR>
</UL>
<P>
<H3>
Function Pointers
</H3><UL>
 <LI><a href="#[22]">ADC14_IRQHandler</a> from startup_msp432p401r_uvision.o(.text) referenced from startup_msp432p401r_uvision.o(RESET)
 <LI><a href="#[26]">AES256_IRQHandler</a> from startup_msp432p401r_uvision.o(.text) referenced from startup_msp432p401r_uvision.o(RESET)
 <LI><a href="#[4]">BusFault_Handler</a> from startup_msp432p401r_uvision.o(.text) referenced from startup_msp432p401r_uvision.o(RESET)
 <LI><a href="#[10]">COMP_E0_IRQHandler</a> from startup_msp432p401r_uvision.o(.text) referenced from startup_msp432p401r_uvision.o(RESET)
 <LI><a href="#[11]">COMP_E1_IRQHandler</a> from startup_msp432p401r_uvision.o(.text) referenced from startup_msp432p401r_uvision.o(RESET)
 <LI><a href="#[b]">CS_IRQHandler</a> from startup_msp432p401r_uvision.o(.text) referenced from startup_msp432p401r_uvision.o(RESET)
 <LI><a href="#[28]">DMA_ERR_IRQHandler</a> from startup_msp432p401r_uvision.o(.text) referenced from startup_msp432p401r_uvision.o(RESET)
 <LI><a href="#[2c]">DMA_INT0_IRQHandler</a> from startup_msp432p401r_uvision.o(.text) referenced from startup_msp432p401r_uvision.o(RESET)
 <LI><a href="#[2b]">DMA_INT1_IRQHandler</a> from startup_msp432p401r_uvision.o(.text) referenced from startup_msp432p401r_uvision.o(RESET)
 <LI><a href="#[2a]">DMA_INT2_IRQHandler</a> from startup_msp432p401r_uvision.o(.text) referenced from startup_msp432p401r_uvision.o(RESET)
 <LI><a href="#[29]">DMA_INT3_IRQHandler</a> from startup_msp432p401r_uvision.o(.text) referenced from startup_msp432p401r_uvision.o(RESET)
 <LI><a href="#[7]">DebugMon_Handler</a> from startup_msp432p401r_uvision.o(.text) referenced from startup_msp432p401r_uvision.o(RESET)
 <LI><a href="#[1a]">EUSCIA0_IRQHandler</a> from startup_msp432p401r_uvision.o(.text) referenced from startup_msp432p401r_uvision.o(RESET)
 <LI><a href="#[1b]">EUSCIA1_IRQHandler</a> from startup_msp432p401r_uvision.o(.text) referenced from startup_msp432p401r_uvision.o(RESET)
 <LI><a href="#[1c]">EUSCIA2_IRQHandler</a> from startup_msp432p401r_uvision.o(.text) referenced from startup_msp432p401r_uvision.o(RESET)
 <LI><a href="#[1d]">EUSCIA3_IRQHandler</a> from startup_msp432p401r_uvision.o(.text) referenced from startup_msp432p401r_uvision.o(RESET)
 <LI><a href="#[1e]">EUSCIB0_IRQHandler</a> from startup_msp432p401r_uvision.o(.text) referenced from startup_msp432p401r_uvision.o(RESET)
 <LI><a href="#[1f]">EUSCIB1_IRQHandler</a> from startup_msp432p401r_uvision.o(.text) referenced from startup_msp432p401r_uvision.o(RESET)
 <LI><a href="#[20]">EUSCIB2_IRQHandler</a> from startup_msp432p401r_uvision.o(.text) referenced from startup_msp432p401r_uvision.o(RESET)
 <LI><a href="#[21]">EUSCIB3_IRQHandler</a> from startup_msp432p401r_uvision.o(.text) referenced from startup_msp432p401r_uvision.o(RESET)
 <LI><a href="#[f]">FLCTL_IRQHandler</a> from startup_msp432p401r_uvision.o(.text) referenced from startup_msp432p401r_uvision.o(RESET)
 <LI><a href="#[e]">FPU_IRQHandler</a> from startup_msp432p401r_uvision.o(.text) referenced from startup_msp432p401r_uvision.o(RESET)
 <LI><a href="#[2]">HardFault_Handler</a> from startup_msp432p401r_uvision.o(.text) referenced from startup_msp432p401r_uvision.o(RESET)
 <LI><a href="#[3]">MemManage_Handler</a> from startup_msp432p401r_uvision.o(.text) referenced from startup_msp432p401r_uvision.o(RESET)
 <LI><a href="#[1]">NMI_Handler</a> from startup_msp432p401r_uvision.o(.text) referenced from startup_msp432p401r_uvision.o(RESET)
 <LI><a href="#[c]">PCM_IRQHandler</a> from startup_msp432p401r_uvision.o(.text) referenced from startup_msp432p401r_uvision.o(RESET)
 <LI><a href="#[2d]">PORT1_IRQHandler</a> from startup_msp432p401r_uvision.o(.text) referenced from startup_msp432p401r_uvision.o(RESET)
 <LI><a href="#[2e]">PORT2_IRQHandler</a> from startup_msp432p401r_uvision.o(.text) referenced from startup_msp432p401r_uvision.o(RESET)
 <LI><a href="#[2f]">PORT3_IRQHandler</a> from startup_msp432p401r_uvision.o(.text) referenced from startup_msp432p401r_uvision.o(RESET)
 <LI><a href="#[30]">PORT4_IRQHandler</a> from startup_msp432p401r_uvision.o(.text) referenced from startup_msp432p401r_uvision.o(RESET)
 <LI><a href="#[31]">PORT5_IRQHandler</a> from startup_msp432p401r_uvision.o(.text) referenced from startup_msp432p401r_uvision.o(RESET)
 <LI><a href="#[32]">PORT6_IRQHandler</a> from startup_msp432p401r_uvision.o(.text) referenced from startup_msp432p401r_uvision.o(RESET)
 <LI><a href="#[a]">PSS_IRQHandler</a> from startup_msp432p401r_uvision.o(.text) referenced from startup_msp432p401r_uvision.o(RESET)
 <LI><a href="#[8]">PendSV_Handler</a> from startup_msp432p401r_uvision.o(.text) referenced from startup_msp432p401r_uvision.o(RESET)
 <LI><a href="#[27]">RTC_C_IRQHandler</a> from startup_msp432p401r_uvision.o(.text) referenced from startup_msp432p401r_uvision.o(RESET)
 <LI><a href="#[35]">Reset_Handler</a> from startup_msp432p401r_uvision.o(.text) referenced from startup_msp432p401r_uvision.o(RESET)
 <LI><a href="#[6]">SVC_Handler</a> from startup_msp432p401r_uvision.o(.text) referenced from startup_msp432p401r_uvision.o(RESET)
 <LI><a href="#[9]">SysTick_Handler</a> from startup_msp432p401r_uvision.o(.text) referenced from startup_msp432p401r_uvision.o(RESET)
 <LI><a href="#[33]">SystemInit</a> from system_msp432p401r.o(i.SystemInit) referenced from startup_msp432p401r_uvision.o(.text)
 <LI><a href="#[23]">T32_INT1_IRQHandler</a> from startup_msp432p401r_uvision.o(.text) referenced from startup_msp432p401r_uvision.o(RESET)
 <LI><a href="#[24]">T32_INT2_IRQHandler</a> from startup_msp432p401r_uvision.o(.text) referenced from startup_msp432p401r_uvision.o(RESET)
 <LI><a href="#[25]">T32_INTC_IRQHandler</a> from startup_msp432p401r_uvision.o(.text) referenced from startup_msp432p401r_uvision.o(RESET)
 <LI><a href="#[12]">TA0_0_IRQHandler</a> from startup_msp432p401r_uvision.o(.text) referenced from startup_msp432p401r_uvision.o(RESET)
 <LI><a href="#[13]">TA0_N_IRQHandler</a> from startup_msp432p401r_uvision.o(.text) referenced from startup_msp432p401r_uvision.o(RESET)
 <LI><a href="#[14]">TA1_0_IRQHandler</a> from startup_msp432p401r_uvision.o(.text) referenced from startup_msp432p401r_uvision.o(RESET)
 <LI><a href="#[15]">TA1_N_IRQHandler</a> from startup_msp432p401r_uvision.o(.text) referenced from startup_msp432p401r_uvision.o(RESET)
 <LI><a href="#[16]">TA2_0_IRQHandler</a> from startup_msp432p401r_uvision.o(.text) referenced from startup_msp432p401r_uvision.o(RESET)
 <LI><a href="#[17]">TA2_N_IRQHandler</a> from startup_msp432p401r_uvision.o(.text) referenced from startup_msp432p401r_uvision.o(RESET)
 <LI><a href="#[18]">TA3_0_IRQHandler</a> from startup_msp432p401r_uvision.o(.text) referenced from startup_msp432p401r_uvision.o(RESET)
 <LI><a href="#[19]">TA3_N_IRQHandler</a> from startup_msp432p401r_uvision.o(.text) referenced from startup_msp432p401r_uvision.o(RESET)
 <LI><a href="#[5]">UsageFault_Handler</a> from startup_msp432p401r_uvision.o(.text) referenced from startup_msp432p401r_uvision.o(RESET)
 <LI><a href="#[d]">WDT_A_IRQHandler</a> from startup_msp432p401r_uvision.o(.text) referenced from startup_msp432p401r_uvision.o(RESET)
 <LI><a href="#[34]">__main</a> from labfinal.o(lab10) referenced from startup_msp432p401r_uvision.o(.text)
</UL>
<P>
<H3>
Global Symbols
</H3>
<P><STRONG><a name="[35]"></a>Reset_Handler</STRONG> (Thumb, 8 bytes, Stack size 0 bytes, startup_msp432p401r_uvision.o(.text))

<P><STRONG><a name="[1]"></a>NMI_Handler</STRONG> (Thumb, 2 bytes, Stack size 0 bytes, startup_msp432p401r_uvision.o(.text))
<BR><BR>[Calls]<UL><LI><a href="#[1]">&gt;&gt;</a>&nbsp;&nbsp;&nbsp;NMI_Handler
</UL>
<BR>[Called By]<UL><LI><a href="#[1]">&gt;&gt;</a>&nbsp;&nbsp;&nbsp;NMI_Handler
</UL>
<BR>[Address Reference Count : 1]<UL><LI> startup_msp432p401r_uvision.o(RESET)
</UL>
<P><STRONG><a name="[2]"></a>HardFault_Handler</STRONG> (Thumb, 2 bytes, Stack size 0 bytes, startup_msp432p401r_uvision.o(.text))
<BR><BR>[Calls]<UL><LI><a href="#[2]">&gt;&gt;</a>&nbsp;&nbsp;&nbsp;HardFault_Handler
</UL>
<BR>[Called By]<UL><LI><a href="#[2]">&gt;&gt;</a>&nbsp;&nbsp;&nbsp;HardFault_Handler
</UL>
<BR>[Address Reference Count : 1]<UL><LI> startup_msp432p401r_uvision.o(RESET)
</UL>
<P><STRONG><a name="[3]"></a>MemManage_Handler</STRONG> (Thumb, 2 bytes, Stack size 0 bytes, startup_msp432p401r_uvision.o(.text))
<BR><BR>[Calls]<UL><LI><a href="#[3]">&gt;&gt;</a>&nbsp;&nbsp;&nbsp;MemManage_Handler
</UL>
<BR>[Called By]<UL><LI><a href="#[3]">&gt;&gt;</a>&nbsp;&nbsp;&nbsp;MemManage_Handler
</UL>
<BR>[Address Reference Count : 1]<UL><LI> startup_msp432p401r_uvision.o(RESET)
</UL>
<P><STRONG><a name="[4]"></a>BusFault_Handler</STRONG> (Thumb, 2 bytes, Stack size 0 bytes, startup_msp432p401r_uvision.o(.text))
<BR><BR>[Calls]<UL><LI><a href="#[4]">&gt;&gt;</a>&nbsp;&nbsp;&nbsp;BusFault_Handler
</UL>
<BR>[Called By]<UL><LI><a href="#[4]">&gt;&gt;</a>&nbsp;&nbsp;&nbsp;BusFault_Handler
</UL>
<BR>[Address Reference Count : 1]<UL><LI> startup_msp432p401r_uvision.o(RESET)
</UL>
<P><STRONG><a name="[5]"></a>UsageFault_Handler</STRONG> (Thumb, 2 bytes, Stack size 0 bytes, startup_msp432p401r_uvision.o(.text))
<BR><BR>[Calls]<UL><LI><a href="#[5]">&gt;&gt;</a>&nbsp;&nbsp;&nbsp;UsageFault_Handler
</UL>
<BR>[Called By]<UL><LI><a href="#[5]">&gt;&gt;</a>&nbsp;&nbsp;&nbsp;UsageFault_Handler
</UL>
<BR>[Address Reference Count : 1]<UL><LI> startup_msp432p401r_uvision.o(RESET)
</UL>
<P><STRONG><a name="[6]"></a>SVC_Handler</STRONG> (Thumb, 2 bytes, Stack size 0 bytes, startup_msp432p401r_uvision.o(.text))
<BR><BR>[Calls]<UL><LI><a href="#[6]">&gt;&gt;</a>&nbsp;&nbsp;&nbsp;SVC_Handler
</UL>
<BR>[Called By]<UL><LI><a href="#[6]">&gt;&gt;</a>&nbsp;&nbsp;&nbsp;SVC_Handler
</UL>
<BR>[Address Reference Count : 1]<UL><LI> startup_msp432p401r_uvision.o(RESET)
</UL>
<P><STRONG><a name="[7]"></a>DebugMon_Handler</STRONG> (Thumb, 2 bytes, Stack size 0 bytes, startup_msp432p401r_uvision.o(.text))
<BR><BR>[Calls]<UL><LI><a href="#[7]">&gt;&gt;</a>&nbsp;&nbsp;&nbsp;DebugMon_Handler
</UL>
<BR>[Called By]<UL><LI><a href="#[7]">&gt;&gt;</a>&nbsp;&nbsp;&nbsp;DebugMon_Handler
</UL>
<BR>[Address Reference Count : 1]<UL><LI> startup_msp432p401r_uvision.o(RESET)
</UL>
<P><STRONG><a name="[8]"></a>PendSV_Handler</STRONG> (Thumb, 2 bytes, Stack size 0 bytes, startup_msp432p401r_uvision.o(.text))
<BR><BR>[Calls]<UL><LI><a href="#[8]">&gt;&gt;</a>&nbsp;&nbsp;&nbsp;PendSV_Handler
</UL>
<BR>[Called By]<UL><LI><a href="#[8]">&gt;&gt;</a>&nbsp;&nbsp;&nbsp;PendSV_Handler
</UL>
<BR>[Address Reference Count : 1]<UL><LI> startup_msp432p401r_uvision.o(RESET)
</UL>
<P><STRONG><a name="[9]"></a>SysTick_Handler</STRONG> (Thumb, 2 bytes, Stack size 0 bytes, startup_msp432p401r_uvision.o(.text))
<BR><BR>[Calls]<UL><LI><a href="#[9]">&gt;&gt;</a>&nbsp;&nbsp;&nbsp;SysTick_Handler
</UL>
<BR>[Called By]<UL><LI><a href="#[9]">&gt;&gt;</a>&nbsp;&nbsp;&nbsp;SysTick_Handler
</UL>
<BR>[Address Reference Count : 1]<UL><LI> startup_msp432p401r_uvision.o(RESET)
</UL>
<P><STRONG><a name="[22]"></a>ADC14_IRQHandler</STRONG> (Thumb, 0 bytes, Stack size 0 bytes, startup_msp432p401r_uvision.o(.text))
<BR><BR>[Calls]<UL><LI><a href="#[22]">&gt;&gt;</a>&nbsp;&nbsp;&nbsp;ADC14_IRQHandler
</UL>
<BR>[Called By]<UL><LI><a href="#[22]">&gt;&gt;</a>&nbsp;&nbsp;&nbsp;ADC14_IRQHandler
</UL>
<BR>[Address Reference Count : 1]<UL><LI> startup_msp432p401r_uvision.o(RESET)
</UL>
<P><STRONG><a name="[26]"></a>AES256_IRQHandler</STRONG> (Thumb, 0 bytes, Stack size 0 bytes, startup_msp432p401r_uvision.o(.text))
<BR>[Address Reference Count : 1]<UL><LI> startup_msp432p401r_uvision.o(RESET)
</UL>
<P><STRONG><a name="[10]"></a>COMP_E0_IRQHandler</STRONG> (Thumb, 0 bytes, Stack size 0 bytes, startup_msp432p401r_uvision.o(.text))
<BR>[Address Reference Count : 1]<UL><LI> startup_msp432p401r_uvision.o(RESET)
</UL>
<P><STRONG><a name="[11]"></a>COMP_E1_IRQHandler</STRONG> (Thumb, 0 bytes, Stack size 0 bytes, startup_msp432p401r_uvision.o(.text))
<BR>[Address Reference Count : 1]<UL><LI> startup_msp432p401r_uvision.o(RESET)
</UL>
<P><STRONG><a name="[b]"></a>CS_IRQHandler</STRONG> (Thumb, 0 bytes, Stack size 0 bytes, startup_msp432p401r_uvision.o(.text))
<BR>[Address Reference Count : 1]<UL><LI> startup_msp432p401r_uvision.o(RESET)
</UL>
<P><STRONG><a name="[28]"></a>DMA_ERR_IRQHandler</STRONG> (Thumb, 0 bytes, Stack size 0 bytes, startup_msp432p401r_uvision.o(.text))
<BR>[Address Reference Count : 1]<UL><LI> startup_msp432p401r_uvision.o(RESET)
</UL>
<P><STRONG><a name="[2c]"></a>DMA_INT0_IRQHandler</STRONG> (Thumb, 0 bytes, Stack size 0 bytes, startup_msp432p401r_uvision.o(.text))
<BR>[Address Reference Count : 1]<UL><LI> startup_msp432p401r_uvision.o(RESET)
</UL>
<P><STRONG><a name="[2b]"></a>DMA_INT1_IRQHandler</STRONG> (Thumb, 0 bytes, Stack size 0 bytes, startup_msp432p401r_uvision.o(.text))
<BR>[Address Reference Count : 1]<UL><LI> startup_msp432p401r_uvision.o(RESET)
</UL>
<P><STRONG><a name="[2a]"></a>DMA_INT2_IRQHandler</STRONG> (Thumb, 0 bytes, Stack size 0 bytes, startup_msp432p401r_uvision.o(.text))
<BR>[Address Reference Count : 1]<UL><LI> startup_msp432p401r_uvision.o(RESET)
</UL>
<P><STRONG><a name="[29]"></a>DMA_INT3_IRQHandler</STRONG> (Thumb, 0 bytes, Stack size 0 bytes, startup_msp432p401r_uvision.o(.text))
<BR>[Address Reference Count : 1]<UL><LI> startup_msp432p401r_uvision.o(RESET)
</UL>
<P><STRONG><a name="[1a]"></a>EUSCIA0_IRQHandler</STRONG> (Thumb, 0 bytes, Stack size 0 bytes, startup_msp432p401r_uvision.o(.text))
<BR>[Address Reference Count : 1]<UL><LI> startup_msp432p401r_uvision.o(RESET)
</UL>
<P><STRONG><a name="[1b]"></a>EUSCIA1_IRQHandler</STRONG> (Thumb, 0 bytes, Stack size 0 bytes, startup_msp432p401r_uvision.o(.text))
<BR>[Address Reference Count : 1]<UL><LI> startup_msp432p401r_uvision.o(RESET)
</UL>
<P><STRONG><a name="[1c]"></a>EUSCIA2_IRQHandler</STRONG> (Thumb, 0 bytes, Stack size 0 bytes, startup_msp432p401r_uvision.o(.text))
<BR>[Address Reference Count : 1]<UL><LI> startup_msp432p401r_uvision.o(RESET)
</UL>
<P><STRONG><a name="[1d]"></a>EUSCIA3_IRQHandler</STRONG> (Thumb, 0 bytes, Stack size 0 bytes, startup_msp432p401r_uvision.o(.text))
<BR>[Address Reference Count : 1]<UL><LI> startup_msp432p401r_uvision.o(RESET)
</UL>
<P><STRONG><a name="[1e]"></a>EUSCIB0_IRQHandler</STRONG> (Thumb, 0 bytes, Stack size 0 bytes, startup_msp432p401r_uvision.o(.text))
<BR>[Address Reference Count : 1]<UL><LI> startup_msp432p401r_uvision.o(RESET)
</UL>
<P><STRONG><a name="[1f]"></a>EUSCIB1_IRQHandler</STRONG> (Thumb, 0 bytes, Stack size 0 bytes, startup_msp432p401r_uvision.o(.text))
<BR>[Address Reference Count : 1]<UL><LI> startup_msp432p401r_uvision.o(RESET)
</UL>
<P><STRONG><a name="[20]"></a>EUSCIB2_IRQHandler</STRONG> (Thumb, 0 bytes, Stack size 0 bytes, startup_msp432p401r_uvision.o(.text))
<BR>[Address Reference Count : 1]<UL><LI> startup_msp432p401r_uvision.o(RESET)
</UL>
<P><STRONG><a name="[21]"></a>EUSCIB3_IRQHandler</STRONG> (Thumb, 0 bytes, Stack size 0 bytes, startup_msp432p401r_uvision.o(.text))
<BR>[Address Reference Count : 1]<UL><LI> startup_msp432p401r_uvision.o(RESET)
</UL>
<P><STRONG><a name="[f]"></a>FLCTL_IRQHandler</STRONG> (Thumb, 0 bytes, Stack size 0 bytes, startup_msp432p401r_uvision.o(.text))
<BR>[Address Reference Count : 1]<UL><LI> startup_msp432p401r_uvision.o(RESET)
</UL>
<P><STRONG><a name="[e]"></a>FPU_IRQHandler</STRONG> (Thumb, 0 bytes, Stack size 0 bytes, startup_msp432p401r_uvision.o(.text))
<BR>[Address Reference Count : 1]<UL><LI> startup_msp432p401r_uvision.o(RESET)
</UL>
<P><STRONG><a name="[c]"></a>PCM_IRQHandler</STRONG> (Thumb, 0 bytes, Stack size 0 bytes, startup_msp432p401r_uvision.o(.text))
<BR>[Address Reference Count : 1]<UL><LI> startup_msp432p401r_uvision.o(RESET)
</UL>
<P><STRONG><a name="[2d]"></a>PORT1_IRQHandler</STRONG> (Thumb, 0 bytes, Stack size 0 bytes, startup_msp432p401r_uvision.o(.text))
<BR>[Address Reference Count : 1]<UL><LI> startup_msp432p401r_uvision.o(RESET)
</UL>
<P><STRONG><a name="[2e]"></a>PORT2_IRQHandler</STRONG> (Thumb, 0 bytes, Stack size 0 bytes, startup_msp432p401r_uvision.o(.text))
<BR>[Address Reference Count : 1]<UL><LI> startup_msp432p401r_uvision.o(RESET)
</UL>
<P><STRONG><a name="[2f]"></a>PORT3_IRQHandler</STRONG> (Thumb, 0 bytes, Stack size 0 bytes, startup_msp432p401r_uvision.o(.text))
<BR>[Address Reference Count : 1]<UL><LI> startup_msp432p401r_uvision.o(RESET)
</UL>
<P><STRONG><a name="[30]"></a>PORT4_IRQHandler</STRONG> (Thumb, 0 bytes, Stack size 0 bytes, startup_msp432p401r_uvision.o(.text))
<BR>[Address Reference Count : 1]<UL><LI> startup_msp432p401r_uvision.o(RESET)
</UL>
<P><STRONG><a name="[31]"></a>PORT5_IRQHandler</STRONG> (Thumb, 0 bytes, Stack size 0 bytes, startup_msp432p401r_uvision.o(.text))
<BR>[Address Reference Count : 1]<UL><LI> startup_msp432p401r_uvision.o(RESET)
</UL>
<P><STRONG><a name="[32]"></a>PORT6_IRQHandler</STRONG> (Thumb, 0 bytes, Stack size 0 bytes, startup_msp432p401r_uvision.o(.text))
<BR>[Address Reference Count : 1]<UL><LI> startup_msp432p401r_uvision.o(RESET)
</UL>
<P><STRONG><a name="[a]"></a>PSS_IRQHandler</STRONG> (Thumb, 0 bytes, Stack size 0 bytes, startup_msp432p401r_uvision.o(.text))
<BR>[Address Reference Count : 1]<UL><LI> startup_msp432p401r_uvision.o(RESET)
</UL>
<P><STRONG><a name="[27]"></a>RTC_C_IRQHandler</STRONG> (Thumb, 0 bytes, Stack size 0 bytes, startup_msp432p401r_uvision.o(.text))
<BR>[Address Reference Count : 1]<UL><LI> startup_msp432p401r_uvision.o(RESET)
</UL>
<P><STRONG><a name="[23]"></a>T32_INT1_IRQHandler</STRONG> (Thumb, 0 bytes, Stack size 0 bytes, startup_msp432p401r_uvision.o(.text))
<BR>[Address Reference Count : 1]<UL><LI> startup_msp432p401r_uvision.o(RESET)
</UL>
<P><STRONG><a name="[24]"></a>T32_INT2_IRQHandler</STRONG> (Thumb, 0 bytes, Stack size 0 bytes, startup_msp432p401r_uvision.o(.text))
<BR>[Address Reference Count : 1]<UL><LI> startup_msp432p401r_uvision.o(RESET)
</UL>
<P><STRONG><a name="[25]"></a>T32_INTC_IRQHandler</STRONG> (Thumb, 0 bytes, Stack size 0 bytes, startup_msp432p401r_uvision.o(.text))
<BR>[Address Reference Count : 1]<UL><LI> startup_msp432p401r_uvision.o(RESET)
</UL>
<P><STRONG><a name="[12]"></a>TA0_0_IRQHandler</STRONG> (Thumb, 0 bytes, Stack size 0 bytes, startup_msp432p401r_uvision.o(.text))
<BR>[Address Reference Count : 1]<UL><LI> startup_msp432p401r_uvision.o(RESET)
</UL>
<P><STRONG><a name="[13]"></a>TA0_N_IRQHandler</STRONG> (Thumb, 0 bytes, Stack size 0 bytes, startup_msp432p401r_uvision.o(.text))
<BR>[Address Reference Count : 1]<UL><LI> startup_msp432p401r_uvision.o(RESET)
</UL>
<P><STRONG><a name="[14]"></a>TA1_0_IRQHandler</STRONG> (Thumb, 0 bytes, Stack size 0 bytes, startup_msp432p401r_uvision.o(.text))
<BR>[Address Reference Count : 1]<UL><LI> startup_msp432p401r_uvision.o(RESET)
</UL>
<P><STRONG><a name="[15]"></a>TA1_N_IRQHandler</STRONG> (Thumb, 0 bytes, Stack size 0 bytes, startup_msp432p401r_uvision.o(.text))
<BR>[Address Reference Count : 1]<UL><LI> startup_msp432p401r_uvision.o(RESET)
</UL>
<P><STRONG><a name="[16]"></a>TA2_0_IRQHandler</STRONG> (Thumb, 0 bytes, Stack size 0 bytes, startup_msp432p401r_uvision.o(.text))
<BR>[Address Reference Count : 1]<UL><LI> startup_msp432p401r_uvision.o(RESET)
</UL>
<P><STRONG><a name="[17]"></a>TA2_N_IRQHandler</STRONG> (Thumb, 0 bytes, Stack size 0 bytes, startup_msp432p401r_uvision.o(.text))
<BR>[Address Reference Count : 1]<UL><LI> startup_msp432p401r_uvision.o(RESET)
</UL>
<P><STRONG><a name="[18]"></a>TA3_0_IRQHandler</STRONG> (Thumb, 0 bytes, Stack size 0 bytes, startup_msp432p401r_uvision.o(.text))
<BR>[Address Reference Count : 1]<UL><LI> startup_msp432p401r_uvision.o(RESET)
</UL>
<P><STRONG><a name="[19]"></a>TA3_N_IRQHandler</STRONG> (Thumb, 0 bytes, Stack size 0 bytes, startup_msp432p401r_uvision.o(.text))
<BR>[Address Reference Count : 1]<UL><LI> startup_msp432p401r_uvision.o(RESET)
</UL>
<P><STRONG><a name="[d]"></a>WDT_A_IRQHandler</STRONG> (Thumb, 0 bytes, Stack size 0 bytes, startup_msp432p401r_uvision.o(.text))
<BR>[Address Reference Count : 1]<UL><LI> startup_msp432p401r_uvision.o(RESET)
</UL>
<P><STRONG><a name="[36]"></a>__user_initial_stackheap</STRONG> (Thumb, 10 bytes, Stack size 0 bytes, startup_msp432p401r_uvision.o(.text), UNUSED, KEPT)

<P><STRONG><a name="[46]"></a>__use_two_region_memory</STRONG> (Thumb, 2 bytes, Stack size 0 bytes, heapauxi.o(.text), UNUSED)

<P><STRONG><a name="[47]"></a>__rt_heap_escrow$2region</STRONG> (Thumb, 2 bytes, Stack size 0 bytes, heapauxi.o(.text), UNUSED)

<P><STRONG><a name="[48]"></a>__rt_heap_expand$2region</STRONG> (Thumb, 2 bytes, Stack size 0 bytes, heapauxi.o(.text), UNUSED)

<P><STRONG><a name="[33]"></a>SystemInit</STRONG> (Thumb, 86 bytes, Stack size 0 bytes, system_msp432p401r.o(i.SystemInit))
<BR>[Address Reference Count : 1]<UL><LI> startup_msp432p401r_uvision.o(.text)
</UL>
<P><STRONG><a name="[34]"></a>__main</STRONG> (Thumb, 308 bytes, Stack size unknown bytes, labfinal.o(lab10))
<BR><BR>[Calls]<UL><LI><a href="#[38]">&gt;&gt;</a>&nbsp;&nbsp;&nbsp;LCD_init
<LI><a href="#[37]">&gt;&gt;</a>&nbsp;&nbsp;&nbsp;BTN_init
<LI><a href="#[3c]">&gt;&gt;</a>&nbsp;&nbsp;&nbsp;inpt_wait
<LI><a href="#[3a]">&gt;&gt;</a>&nbsp;&nbsp;&nbsp;LCD_clrln
<LI><a href="#[3e]">&gt;&gt;</a>&nbsp;&nbsp;&nbsp;LCD_clr
<LI><a href="#[3d]">&gt;&gt;</a>&nbsp;&nbsp;&nbsp;LCD_string
<LI><a href="#[3b]">&gt;&gt;</a>&nbsp;&nbsp;&nbsp;MDL_chs
<LI><a href="#[39]">&gt;&gt;</a>&nbsp;&nbsp;&nbsp;MDL_entry
</UL>
<BR>[Address Reference Count : 1]<UL><LI> startup_msp432p401r_uvision.o(.text)
</UL><P>
<H3>
Local Symbols
</H3>
<P><STRONG><a name="[39]"></a>MDL_entry</STRONG> (Thumb, 144 bytes, Stack size 0 bytes, labfinal.o(lab10))
<BR><BR>[Calls]<UL><LI><a href="#[3c]">&gt;&gt;</a>&nbsp;&nbsp;&nbsp;inpt_wait
<LI><a href="#[3e]">&gt;&gt;</a>&nbsp;&nbsp;&nbsp;LCD_clr
<LI><a href="#[3d]">&gt;&gt;</a>&nbsp;&nbsp;&nbsp;LCD_string
</UL>
<BR>[Called By]<UL><LI><a href="#[34]">&gt;&gt;</a>&nbsp;&nbsp;&nbsp;__main
</UL>

<P><STRONG><a name="[3b]"></a>MDL_chs</STRONG> (Thumb, 112 bytes, Stack size 0 bytes, labfinal.o(lab10))
<BR><BR>[Calls]<UL><LI><a href="#[3c]">&gt;&gt;</a>&nbsp;&nbsp;&nbsp;inpt_wait
<LI><a href="#[3e]">&gt;&gt;</a>&nbsp;&nbsp;&nbsp;LCD_clr
<LI><a href="#[3d]">&gt;&gt;</a>&nbsp;&nbsp;&nbsp;LCD_string
<LI><a href="#[40]">&gt;&gt;</a>&nbsp;&nbsp;&nbsp;MDL_bed
<LI><a href="#[3f]">&gt;&gt;</a>&nbsp;&nbsp;&nbsp;MDL_drsr
</UL>
<BR>[Called By]<UL><LI><a href="#[34]">&gt;&gt;</a>&nbsp;&nbsp;&nbsp;__main
</UL>

<P><STRONG><a name="[3f]"></a>MDL_drsr</STRONG> (Thumb, 1322 bytes, Stack size 0 bytes, labfinal.o(lab10))
<BR><BR>[Calls]<UL><LI><a href="#[41]">&gt;&gt;</a>&nbsp;&nbsp;&nbsp;chk_key
<LI><a href="#[3c]">&gt;&gt;</a>&nbsp;&nbsp;&nbsp;inpt_wait
<LI><a href="#[3e]">&gt;&gt;</a>&nbsp;&nbsp;&nbsp;LCD_clr
<LI><a href="#[3d]">&gt;&gt;</a>&nbsp;&nbsp;&nbsp;LCD_string
</UL>
<BR>[Called By]<UL><LI><a href="#[3b]">&gt;&gt;</a>&nbsp;&nbsp;&nbsp;MDL_chs
</UL>

<P><STRONG><a name="[40]"></a>MDL_bed</STRONG> (Thumb, 574 bytes, Stack size 0 bytes, labfinal.o(lab10))
<BR><BR>[Calls]<UL><LI><a href="#[41]">&gt;&gt;</a>&nbsp;&nbsp;&nbsp;chk_key
<LI><a href="#[3c]">&gt;&gt;</a>&nbsp;&nbsp;&nbsp;inpt_wait
<LI><a href="#[3e]">&gt;&gt;</a>&nbsp;&nbsp;&nbsp;LCD_clr
<LI><a href="#[3d]">&gt;&gt;</a>&nbsp;&nbsp;&nbsp;LCD_string
</UL>
<BR>[Called By]<UL><LI><a href="#[3b]">&gt;&gt;</a>&nbsp;&nbsp;&nbsp;MDL_chs
</UL>

<P><STRONG><a name="[3d]"></a>LCD_string</STRONG> (Thumb, 60 bytes, Stack size 0 bytes, labfinal.o(lab10))
<BR><BR>[Calls]<UL><LI><a href="#[43]">&gt;&gt;</a>&nbsp;&nbsp;&nbsp;LCD_data
<LI><a href="#[42]">&gt;&gt;</a>&nbsp;&nbsp;&nbsp;LCD_cmd
</UL>
<BR>[Called By]<UL><LI><a href="#[34]">&gt;&gt;</a>&nbsp;&nbsp;&nbsp;__main
<LI><a href="#[41]">&gt;&gt;</a>&nbsp;&nbsp;&nbsp;chk_key
<LI><a href="#[40]">&gt;&gt;</a>&nbsp;&nbsp;&nbsp;MDL_bed
<LI><a href="#[3f]">&gt;&gt;</a>&nbsp;&nbsp;&nbsp;MDL_drsr
<LI><a href="#[3b]">&gt;&gt;</a>&nbsp;&nbsp;&nbsp;MDL_chs
<LI><a href="#[39]">&gt;&gt;</a>&nbsp;&nbsp;&nbsp;MDL_entry
</UL>

<P><STRONG><a name="[3e]"></a>LCD_clr</STRONG> (Thumb, 16 bytes, Stack size 0 bytes, labfinal.o(lab10))
<BR><BR>[Calls]<UL><LI><a href="#[42]">&gt;&gt;</a>&nbsp;&nbsp;&nbsp;LCD_cmd
</UL>
<BR>[Called By]<UL><LI><a href="#[34]">&gt;&gt;</a>&nbsp;&nbsp;&nbsp;__main
<LI><a href="#[41]">&gt;&gt;</a>&nbsp;&nbsp;&nbsp;chk_key
<LI><a href="#[40]">&gt;&gt;</a>&nbsp;&nbsp;&nbsp;MDL_bed
<LI><a href="#[3f]">&gt;&gt;</a>&nbsp;&nbsp;&nbsp;MDL_drsr
<LI><a href="#[3b]">&gt;&gt;</a>&nbsp;&nbsp;&nbsp;MDL_chs
<LI><a href="#[39]">&gt;&gt;</a>&nbsp;&nbsp;&nbsp;MDL_entry
</UL>

<P><STRONG><a name="[3a]"></a>LCD_clrln</STRONG> (Thumb, 54 bytes, Stack size 0 bytes, labfinal.o(lab10))
<BR><BR>[Calls]<UL><LI><a href="#[43]">&gt;&gt;</a>&nbsp;&nbsp;&nbsp;LCD_data
<LI><a href="#[42]">&gt;&gt;</a>&nbsp;&nbsp;&nbsp;LCD_cmd
</UL>
<BR>[Called By]<UL><LI><a href="#[34]">&gt;&gt;</a>&nbsp;&nbsp;&nbsp;__main
</UL>

<P><STRONG><a name="[3c]"></a>inpt_wait</STRONG> (Thumb, 18 bytes, Stack size 0 bytes, labfinal.o(lab10))
<BR><BR>[Called By]<UL><LI><a href="#[34]">&gt;&gt;</a>&nbsp;&nbsp;&nbsp;__main
<LI><a href="#[41]">&gt;&gt;</a>&nbsp;&nbsp;&nbsp;chk_key
<LI><a href="#[40]">&gt;&gt;</a>&nbsp;&nbsp;&nbsp;MDL_bed
<LI><a href="#[3f]">&gt;&gt;</a>&nbsp;&nbsp;&nbsp;MDL_drsr
<LI><a href="#[3b]">&gt;&gt;</a>&nbsp;&nbsp;&nbsp;MDL_chs
<LI><a href="#[39]">&gt;&gt;</a>&nbsp;&nbsp;&nbsp;MDL_entry
</UL>

<P><STRONG><a name="[41]"></a>chk_key</STRONG> (Thumb, 214 bytes, Stack size 0 bytes, labfinal.o(lab10))
<BR><BR>[Calls]<UL><LI><a href="#[3c]">&gt;&gt;</a>&nbsp;&nbsp;&nbsp;inpt_wait
<LI><a href="#[3e]">&gt;&gt;</a>&nbsp;&nbsp;&nbsp;LCD_clr
<LI><a href="#[3d]">&gt;&gt;</a>&nbsp;&nbsp;&nbsp;LCD_string
</UL>
<BR>[Called By]<UL><LI><a href="#[40]">&gt;&gt;</a>&nbsp;&nbsp;&nbsp;MDL_bed
<LI><a href="#[3f]">&gt;&gt;</a>&nbsp;&nbsp;&nbsp;MDL_drsr
</UL>

<P><STRONG><a name="[37]"></a>BTN_init</STRONG> (Thumb, 20 bytes, Stack size 0 bytes, labfinal.o(lab10))
<BR><BR>[Called By]<UL><LI><a href="#[34]">&gt;&gt;</a>&nbsp;&nbsp;&nbsp;__main
</UL>

<P><STRONG><a name="[38]"></a>LCD_init</STRONG> (Thumb, 60 bytes, Stack size 0 bytes, labfinal.o(lab10))
<BR><BR>[Calls]<UL><LI><a href="#[42]">&gt;&gt;</a>&nbsp;&nbsp;&nbsp;LCD_cmd
</UL>
<BR>[Called By]<UL><LI><a href="#[34]">&gt;&gt;</a>&nbsp;&nbsp;&nbsp;__main
</UL>

<P><STRONG><a name="[42]"></a>LCD_cmd</STRONG> (Thumb, 38 bytes, Stack size 0 bytes, labfinal.o(lab10))
<BR><BR>[Calls]<UL><LI><a href="#[45]">&gt;&gt;</a>&nbsp;&nbsp;&nbsp;delay
<LI><a href="#[44]">&gt;&gt;</a>&nbsp;&nbsp;&nbsp;chk_bf
</UL>
<BR>[Called By]<UL><LI><a href="#[38]">&gt;&gt;</a>&nbsp;&nbsp;&nbsp;LCD_init
<LI><a href="#[3a]">&gt;&gt;</a>&nbsp;&nbsp;&nbsp;LCD_clrln
<LI><a href="#[3e]">&gt;&gt;</a>&nbsp;&nbsp;&nbsp;LCD_clr
<LI><a href="#[3d]">&gt;&gt;</a>&nbsp;&nbsp;&nbsp;LCD_string
</UL>

<P><STRONG><a name="[43]"></a>LCD_data</STRONG> (Thumb, 46 bytes, Stack size 0 bytes, labfinal.o(lab10))
<BR><BR>[Calls]<UL><LI><a href="#[45]">&gt;&gt;</a>&nbsp;&nbsp;&nbsp;delay
<LI><a href="#[44]">&gt;&gt;</a>&nbsp;&nbsp;&nbsp;chk_bf
</UL>
<BR>[Called By]<UL><LI><a href="#[3a]">&gt;&gt;</a>&nbsp;&nbsp;&nbsp;LCD_clrln
<LI><a href="#[3d]">&gt;&gt;</a>&nbsp;&nbsp;&nbsp;LCD_string
</UL>

<P><STRONG><a name="[44]"></a>chk_bf</STRONG> (Thumb, 22 bytes, Stack size 0 bytes, labfinal.o(lab10))
<BR><BR>[Calls]<UL><LI><a href="#[45]">&gt;&gt;</a>&nbsp;&nbsp;&nbsp;delay
</UL>
<BR>[Called By]<UL><LI><a href="#[43]">&gt;&gt;</a>&nbsp;&nbsp;&nbsp;LCD_data
<LI><a href="#[42]">&gt;&gt;</a>&nbsp;&nbsp;&nbsp;LCD_cmd
</UL>

<P><STRONG><a name="[45]"></a>delay</STRONG> (Thumb, 18 bytes, Stack size 0 bytes, labfinal.o(lab10))
<BR><BR>[Called By]<UL><LI><a href="#[44]">&gt;&gt;</a>&nbsp;&nbsp;&nbsp;chk_bf
<LI><a href="#[43]">&gt;&gt;</a>&nbsp;&nbsp;&nbsp;LCD_data
<LI><a href="#[42]">&gt;&gt;</a>&nbsp;&nbsp;&nbsp;LCD_cmd
</UL>
<P>
<H3>
Undefined Global Symbols
</H3><HR></body></html>
