Component: ARM Compiler 5.06 update 7 (build 960) Tool: armlink [4d3601]

==============================================================================

Section Cross References

    labfinal.o(lab10) refers to labfinal.o(lab10_variables) for estr_egg
    startup_msp432p401r_uvision.o(STACK) refers (Special) to heapauxi.o(.text) for __use_two_region_memory
    startup_msp432p401r_uvision.o(HEAP) refers (Special) to heapauxi.o(.text) for __use_two_region_memory
    startup_msp432p401r_uvision.o(RESET) refers (Special) to heapauxi.o(.text) for __use_two_region_memory
    startup_msp432p401r_uvision.o(RESET) refers to startup_msp432p401r_uvision.o(STACK) for __initial_sp
    startup_msp432p401r_uvision.o(RESET) refers to startup_msp432p401r_uvision.o(.text) for Reset_Handler
    startup_msp432p401r_uvision.o(.text) refers (Special) to heapauxi.o(.text) for __use_two_region_memory
    startup_msp432p401r_uvision.o(.text) refers to system_msp432p401r.o(i.SystemInit) for SystemInit
    startup_msp432p401r_uvision.o(.text) refers to labfinal.o(lab10) for __main
    startup_msp432p401r_uvision.o(.text) refers to startup_msp432p401r_uvision.o(HEAP) for Heap_Mem
    startup_msp432p401r_uvision.o(.text) refers to startup_msp432p401r_uvision.o(STACK) for Stack_Mem
    system_msp432p401r.o(i.SystemCoreClockUpdate) refers to system_msp432p401r.o(.data) for SystemCoreClock


==============================================================================

Removing Unused input sections from the image.

    Removing system_msp432p401r.o(.rev16_text), (4 bytes).
    Removing system_msp432p401r.o(.revsh_text), (4 bytes).
    Removing system_msp432p401r.o(.rrx_text), (6 bytes).
    Removing system_msp432p401r.o(i.SystemCoreClockUpdate), (628 bytes).
    Removing system_msp432p401r.o(.data), (4 bytes).

5 unused section(s) (total 646 bytes) removed from the image.

==============================================================================

Image Symbol Table

    Local Symbols

    Symbol Name                              Value     Ov Type        Size  Object(Section)

    RESET                                    0x00000000   Section      324  startup_msp432p401r_uvision.o(RESET)
    ../clib/heapaux.c                        0x00000000   Number         0  heapauxi.o ABSOLUTE
    LabFinal.s                               0x00000000   Number         0  labfinal.o ABSOLUTE
    RTE\Device\MSP432P401R\startup_msp432p401r_uvision.s 0x00000000   Number         0  startup_msp432p401r_uvision.o ABSOLUTE
    RTE\Device\MSP432P401R\system_msp432p401r.c 0x00000000   Number         0  system_msp432p401r.o ABSOLUTE
    RTE\\Device\\MSP432P401R\\system_msp432p401r.c 0x00000000   Number         0  system_msp432p401r.o ABSOLUTE
    dc.s                                     0x00000000   Number         0  dc.o ABSOLUTE
    .text                                    0x00000144   Section       60  startup_msp432p401r_uvision.o(.text)
    $v0                                      0x00000144   Number         0  startup_msp432p401r_uvision.o(.text)
    .text                                    0x00000180   Section        0  heapauxi.o(.text)
    i.SystemInit                             0x00000188   Section        0  system_msp432p401r.o(i.SystemInit)
    lab10                                    0x000001f4   Section     4528  labfinal.o(lab10)
    talk_speed                               0x000001f4   Data           4  labfinal.o(lab10)
    sys_speed                                0x000001f8   Data           4  labfinal.o(lab10)
    no_key_msg                               0x000001fc   Data           9  labfinal.o(lab10)
    key_found_msg0                           0x00000205   Data          14  labfinal.o(lab10)
    key_found_msg1                           0x00000213   Data           6  labfinal.o(lab10)
    key_found_msg2                           0x00000219   Data          16  labfinal.o(lab10)
    key_found_msg3                           0x00000229   Data          12  labfinal.o(lab10)
    key_found_msg4                           0x00000235   Data          15  labfinal.o(lab10)
    tst_string0                              0x00000244   Data          15  labfinal.o(lab10)
    tst_string1                              0x00000253   Data           8  labfinal.o(lab10)
    tst_string2                              0x0000025b   Data          17  labfinal.o(lab10)
    tst_string3                              0x0000026c   Data          17  labfinal.o(lab10)
    tst_string4                              0x0000027d   Data          17  labfinal.o(lab10)
    tst_string5                              0x0000028e   Data           7  labfinal.o(lab10)
    chs_msg0                                 0x00000295   Data          17  labfinal.o(lab10)
    chs_msg1                                 0x000002a6   Data          10  labfinal.o(lab10)
    chs_mnu                                  0x000002b0   Data          17  labfinal.o(lab10)
    drsr_msg                                 0x000002c1   Data          13  labfinal.o(lab10)
    drsr_mnu                                 0x000002ce   Data          17  labfinal.o(lab10)
    drsr_t_msg0                              0x000002df   Data          12  labfinal.o(lab10)
    drsr_t_msg1                              0x000002eb   Data          15  labfinal.o(lab10)
    drsr_t_msg2                              0x000002fa   Data          17  labfinal.o(lab10)
    drsr_t_mnu                               0x0000030b   Data          14  labfinal.o(lab10)
    drsr_t_a_msg0                            0x00000319   Data          15  labfinal.o(lab10)
    drsr_t_a_msg1                            0x00000328   Data          16  labfinal.o(lab10)
    drsr_t_a_msg2                            0x00000338   Data          12  labfinal.o(lab10)
    drsr_t_a_msg3                            0x00000344   Data          14  labfinal.o(lab10)
    drsr_t_b_msg_a0                          0x00000352   Data          14  labfinal.o(lab10)
    drsr_t_b_msg_a1                          0x00000360   Data          18  labfinal.o(lab10)
    drsr_t_b_msg_a2                          0x00000372   Data          11  labfinal.o(lab10)
    drsr_t_b_msg_a3                          0x0000037d   Data          11  labfinal.o(lab10)
    drsr_t_b_msg_a4                          0x00000388   Data          12  labfinal.o(lab10)
    drsr_t_b_msg_a5                          0x00000394   Data           7  labfinal.o(lab10)
    drsr_t_b_msg_a6                          0x0000039b   Data          14  labfinal.o(lab10)
    drsr_t_b_msg_a7                          0x000003a9   Data           8  labfinal.o(lab10)
    drsr_t_b_msg_a8                          0x000003b1   Data          10  labfinal.o(lab10)
    drsr_t_b_msg_a9                          0x000003bb   Data          15  labfinal.o(lab10)
    drsr_t_b_msg_b0                          0x000003ca   Data          16  labfinal.o(lab10)
    drsr_d_msg0                              0x000003da   Data          14  labfinal.o(lab10)
    drsr_d_msg1                              0x000003e8   Data          16  labfinal.o(lab10)
    drsr_d_msg2                              0x000003f8   Data          12  labfinal.o(lab10)
    drsr_d_msg3                              0x00000404   Data           7  labfinal.o(lab10)
    drsr_d_mnu                               0x0000040b   Data          17  labfinal.o(lab10)
    drsr_d_t_msg0                            0x0000041c   Data          17  labfinal.o(lab10)
    drsr_d_t_msg1                            0x0000042d   Data          17  labfinal.o(lab10)
    drsr_d_t_msg2                            0x0000043e   Data          17  labfinal.o(lab10)
    drsr_d_t_msg3                            0x0000044f   Data          12  labfinal.o(lab10)
    drsr_d_t_mnu                             0x0000045b   Data          17  labfinal.o(lab10)
    drsr_d_t_s_msg0                          0x0000046c   Data          17  labfinal.o(lab10)
    drsr_d_t_s_msg1                          0x0000047d   Data          17  labfinal.o(lab10)
    drsr_d_t_s_msg2                          0x0000048e   Data           8  labfinal.o(lab10)
    drsr_d_t_p_msg0                          0x00000496   Data          17  labfinal.o(lab10)
    drsr_d_t_p_msg1                          0x000004a7   Data          17  labfinal.o(lab10)
    drsr_d_t_p_msg2                          0x000004b8   Data          11  labfinal.o(lab10)
    drsr_d_b_msg0                            0x000004c3   Data          17  labfinal.o(lab10)
    drsr_d_b_msg1                            0x000004d4   Data          17  labfinal.o(lab10)
    drsr_d_b_msg2                            0x000004e5   Data          15  labfinal.o(lab10)
    bed_msg0                                 0x000004f4   Data          17  labfinal.o(lab10)
    bed_msg1                                 0x00000505   Data          17  labfinal.o(lab10)
    bed_msg2                                 0x00000516   Data          17  labfinal.o(lab10)
    bed_msg3                                 0x00000527   Data           8  labfinal.o(lab10)
    bed_mnu                                  0x0000052f   Data          17  labfinal.o(lab10)
    bed_o_msg0                               0x00000540   Data          17  labfinal.o(lab10)
    bed_o_msg1                               0x00000551   Data          17  labfinal.o(lab10)
    bed_o_msg2                               0x00000562   Data          12  labfinal.o(lab10)
    bed_o_mnu                                0x0000056e   Data          17  labfinal.o(lab10)
    bed_o_j_msg0                             0x0000057f   Data          17  labfinal.o(lab10)
    bed_o_j_msg1                             0x00000590   Data          15  labfinal.o(lab10)
    bed_o_b_msg0                             0x0000059f   Data          17  labfinal.o(lab10)
    bed_o_b_msg1                             0x000005b0   Data          17  labfinal.o(lab10)
    bed_o_b_msg2                             0x000005c1   Data          17  labfinal.o(lab10)
    bed_o_b_msg3                             0x000005d2   Data           7  labfinal.o(lab10)
    bed_u_msg0                               0x000005d9   Data          17  labfinal.o(lab10)
    bed_u_msg1                               0x000005ea   Data          17  labfinal.o(lab10)
    bed_u_msg2                               0x000005fb   Data          17  labfinal.o(lab10)
    tst_string6                              0x0000060c   Data          17  labfinal.o(lab10)
    tst_string7                              0x0000061d   Data          17  labfinal.o(lab10)
    lose_msg0                                0x0000062e   Data          17  labfinal.o(lab10)
    lose_msg1                                0x0000063f   Data          17  labfinal.o(lab10)
    lose_msg2                                0x00000650   Data          17  labfinal.o(lab10)
    lose_msg3                                0x00000661   Data          17  labfinal.o(lab10)
    lose_msg4                                0x00000672   Data           7  labfinal.o(lab10)
    tst_string8                              0x00000679   Data          17  labfinal.o(lab10)
    tst_string9                              0x0000068a   Data          17  labfinal.o(lab10)
    $v0                                      0x0000069c   Number         0  labfinal.o(lab10)
    MDL_entry                                0x00000809   Thumb Code   144  labfinal.o(lab10)
    MDL_chs                                  0x000008b1   Thumb Code   112  labfinal.o(lab10)
    MDL_drsr                                 0x00000921   Thumb Code  1322  labfinal.o(lab10)
    MDL_bed                                  0x00000ec9   Thumb Code   574  labfinal.o(lab10)
    LCD_string                               0x00001107   Thumb Code    60  labfinal.o(lab10)
    LCD_clr                                  0x00001143   Thumb Code    16  labfinal.o(lab10)
    LCD_clrln                                0x00001153   Thumb Code    54  labfinal.o(lab10)
    inpt_wait                                0x00001189   Thumb Code    18  labfinal.o(lab10)
    chk_key                                  0x0000119b   Thumb Code   214  labfinal.o(lab10)
    BTN_init                                 0x00001271   Thumb Code    20  labfinal.o(lab10)
    LCD_init                                 0x00001285   Thumb Code    60  labfinal.o(lab10)
    LCD_cmd                                  0x000012c1   Thumb Code    38  labfinal.o(lab10)
    LCD_data                                 0x000012e7   Thumb Code    46  labfinal.o(lab10)
    chk_bf                                   0x00001315   Thumb Code    22  labfinal.o(lab10)
    delay                                    0x0000132b   Thumb Code    18  labfinal.o(lab10)
    lab10_variables                          0x20000000   Section        3  labfinal.o(lab10_variables)
    estr_egg                                 0x20000000   Data           1  labfinal.o(lab10_variables)
    key_loc                                  0x20000001   Data           1  labfinal.o(lab10_variables)
    fail_tms                                 0x20000002   Data           1  labfinal.o(lab10_variables)
    HEAP                                     0x20000008   Section        0  startup_msp432p401r_uvision.o(HEAP)
    STACK                                    0x20000008   Section      512  startup_msp432p401r_uvision.o(STACK)
    Heap_Mem                                 0x20000008   Data           0  startup_msp432p401r_uvision.o(HEAP)
    Stack_Mem                                0x20000008   Data         512  startup_msp432p401r_uvision.o(STACK)
    __initial_sp                             0x20000208   Data           0  startup_msp432p401r_uvision.o(STACK)

    Global Symbols

    Symbol Name                              Value     Ov Type        Size  Object(Section)

    BuildAttributes$$THM_ISAv4$E$P$D$K$B$S$7EM$VFPi3$EXTD16$VFPS$VFMA$PE$A:L22UL41UL21$X:L11$S22US41US21$IEEE1$IW$USESV6$~STKCKD$USESV7$~SHL$OSPACE$ROPI$EBA8$STANDARDLIB$REQ8$EABIv2 0x00000000   Number         0  anon$$obj.o ABSOLUTE
    __Vectors                                0x00000000   Data           4  startup_msp432p401r_uvision.o(RESET)
    Reset_Handler                            0x00000145   Thumb Code     8  startup_msp432p401r_uvision.o(.text)
    __Vectors_End                            0x00000144   Data           0  startup_msp432p401r_uvision.o(RESET)
    __Vectors_Size                           0x00000144   Number         0  startup_msp432p401r_uvision.o ABSOLUTE
    NMI_Handler                              0x0000014d   Thumb Code     2  startup_msp432p401r_uvision.o(.text)
    HardFault_Handler                        0x0000014f   Thumb Code     2  startup_msp432p401r_uvision.o(.text)
    MemManage_Handler                        0x00000151   Thumb Code     2  startup_msp432p401r_uvision.o(.text)
    BusFault_Handler                         0x00000153   Thumb Code     2  startup_msp432p401r_uvision.o(.text)
    UsageFault_Handler                       0x00000155   Thumb Code     2  startup_msp432p401r_uvision.o(.text)
    SVC_Handler                              0x00000157   Thumb Code     2  startup_msp432p401r_uvision.o(.text)
    DebugMon_Handler                         0x00000159   Thumb Code     2  startup_msp432p401r_uvision.o(.text)
    PendSV_Handler                           0x0000015b   Thumb Code     2  startup_msp432p401r_uvision.o(.text)
    SysTick_Handler                          0x0000015d   Thumb Code     2  startup_msp432p401r_uvision.o(.text)
    ADC14_IRQHandler                         0x0000015f   Thumb Code     0  startup_msp432p401r_uvision.o(.text)
    AES256_IRQHandler                        0x0000015f   Thumb Code     0  startup_msp432p401r_uvision.o(.text)
    COMP_E0_IRQHandler                       0x0000015f   Thumb Code     0  startup_msp432p401r_uvision.o(.text)
    COMP_E1_IRQHandler                       0x0000015f   Thumb Code     0  startup_msp432p401r_uvision.o(.text)
    CS_IRQHandler                            0x0000015f   Thumb Code     0  startup_msp432p401r_uvision.o(.text)
    DMA_ERR_IRQHandler                       0x0000015f   Thumb Code     0  startup_msp432p401r_uvision.o(.text)
    DMA_INT0_IRQHandler                      0x0000015f   Thumb Code     0  startup_msp432p401r_uvision.o(.text)
    DMA_INT1_IRQHandler                      0x0000015f   Thumb Code     0  startup_msp432p401r_uvision.o(.text)
    DMA_INT2_IRQHandler                      0x0000015f   Thumb Code     0  startup_msp432p401r_uvision.o(.text)
    DMA_INT3_IRQHandler                      0x0000015f   Thumb Code     0  startup_msp432p401r_uvision.o(.text)
    EUSCIA0_IRQHandler                       0x0000015f   Thumb Code     0  startup_msp432p401r_uvision.o(.text)
    EUSCIA1_IRQHandler                       0x0000015f   Thumb Code     0  startup_msp432p401r_uvision.o(.text)
    EUSCIA2_IRQHandler                       0x0000015f   Thumb Code     0  startup_msp432p401r_uvision.o(.text)
    EUSCIA3_IRQHandler                       0x0000015f   Thumb Code     0  startup_msp432p401r_uvision.o(.text)
    EUSCIB0_IRQHandler                       0x0000015f   Thumb Code     0  startup_msp432p401r_uvision.o(.text)
    EUSCIB1_IRQHandler                       0x0000015f   Thumb Code     0  startup_msp432p401r_uvision.o(.text)
    EUSCIB2_IRQHandler                       0x0000015f   Thumb Code     0  startup_msp432p401r_uvision.o(.text)
    EUSCIB3_IRQHandler                       0x0000015f   Thumb Code     0  startup_msp432p401r_uvision.o(.text)
    FLCTL_IRQHandler                         0x0000015f   Thumb Code     0  startup_msp432p401r_uvision.o(.text)
    FPU_IRQHandler                           0x0000015f   Thumb Code     0  startup_msp432p401r_uvision.o(.text)
    PCM_IRQHandler                           0x0000015f   Thumb Code     0  startup_msp432p401r_uvision.o(.text)
    PORT1_IRQHandler                         0x0000015f   Thumb Code     0  startup_msp432p401r_uvision.o(.text)
    PORT2_IRQHandler                         0x0000015f   Thumb Code     0  startup_msp432p401r_uvision.o(.text)
    PORT3_IRQHandler                         0x0000015f   Thumb Code     0  startup_msp432p401r_uvision.o(.text)
    PORT4_IRQHandler                         0x0000015f   Thumb Code     0  startup_msp432p401r_uvision.o(.text)
    PORT5_IRQHandler                         0x0000015f   Thumb Code     0  startup_msp432p401r_uvision.o(.text)
    PORT6_IRQHandler                         0x0000015f   Thumb Code     0  startup_msp432p401r_uvision.o(.text)
    PSS_IRQHandler                           0x0000015f   Thumb Code     0  startup_msp432p401r_uvision.o(.text)
    RTC_C_IRQHandler                         0x0000015f   Thumb Code     0  startup_msp432p401r_uvision.o(.text)
    T32_INT1_IRQHandler                      0x0000015f   Thumb Code     0  startup_msp432p401r_uvision.o(.text)
    T32_INT2_IRQHandler                      0x0000015f   Thumb Code     0  startup_msp432p401r_uvision.o(.text)
    T32_INTC_IRQHandler                      0x0000015f   Thumb Code     0  startup_msp432p401r_uvision.o(.text)
    TA0_0_IRQHandler                         0x0000015f   Thumb Code     0  startup_msp432p401r_uvision.o(.text)
    TA0_N_IRQHandler                         0x0000015f   Thumb Code     0  startup_msp432p401r_uvision.o(.text)
    TA1_0_IRQHandler                         0x0000015f   Thumb Code     0  startup_msp432p401r_uvision.o(.text)
    TA1_N_IRQHandler                         0x0000015f   Thumb Code     0  startup_msp432p401r_uvision.o(.text)
    TA2_0_IRQHandler                         0x0000015f   Thumb Code     0  startup_msp432p401r_uvision.o(.text)
    TA2_N_IRQHandler                         0x0000015f   Thumb Code     0  startup_msp432p401r_uvision.o(.text)
    TA3_0_IRQHandler                         0x0000015f   Thumb Code     0  startup_msp432p401r_uvision.o(.text)
    TA3_N_IRQHandler                         0x0000015f   Thumb Code     0  startup_msp432p401r_uvision.o(.text)
    WDT_A_IRQHandler                         0x0000015f   Thumb Code     0  startup_msp432p401r_uvision.o(.text)
    __user_initial_stackheap                 0x00000161   Thumb Code    10  startup_msp432p401r_uvision.o(.text)
    __use_two_region_memory                  0x00000181   Thumb Code     2  heapauxi.o(.text)
    __rt_heap_escrow$2region                 0x00000183   Thumb Code     2  heapauxi.o(.text)
    __rt_heap_expand$2region                 0x00000185   Thumb Code     2  heapauxi.o(.text)
    SystemInit                               0x00000189   Thumb Code    86  system_msp432p401r.o(i.SystemInit)
    __main                                   0x0000069d   Thumb Code   308  labfinal.o(lab10)



==============================================================================

Memory Map of the image

  Image Entry point : 0x00000145

  Load Region LR_1 (Base: 0x00000000, Size: 0x000013a8, Max: 0xffffffff, ABSOLUTE)

    Execution Region ER_RO (Exec base: 0x00000000, Load base: 0x00000000, Size: 0x000013a4, Max: 0xffffffff, ABSOLUTE)

    Exec Addr    Load Addr    Size         Type   Attr      Idx    E Section Name        Object

    0x00000000   0x00000000   0x00000144   Data   RO           10    RESET               startup_msp432p401r_uvision.o
    0x00000144   0x00000144   0x0000003c   Code   RO           11  * .text               startup_msp432p401r_uvision.o
    0x00000180   0x00000180   0x00000006   Code   RO           85    .text               c_w.l(heapauxi.o)
    0x00000186   0x00000186   0x00000002   PAD
    0x00000188   0x00000188   0x0000006c   Code   RO           19    i.SystemInit        system_msp432p401r.o
    0x000001f4   0x000001f4   0x000011b0   Code   RO            2    lab10               labfinal.o


    Execution Region ER_RW (Exec base: 0x20000000, Load base: 0x000013a4, Size: 0x00000004, Max: 0xffffffff, ABSOLUTE)

    Exec Addr    Load Addr    Size         Type   Attr      Idx    E Section Name        Object

    0x20000000   0x000013a4   0x00000003   Data   RW            1    lab10_variables     labfinal.o


    Execution Region ER_ZI (Exec base: 0x20000004, Load base: 0x000013a8, Size: 0x00000204, Max: 0xffffffff, ABSOLUTE)

    Exec Addr    Load Addr    Size         Type   Attr      Idx    E Section Name        Object

    0x20000004   0x000013a8   0x00000004   PAD
    0x20000008        -       0x00000000   Zero   RW            9    HEAP                startup_msp432p401r_uvision.o
    0x20000008        -       0x00000200   Zero   RW            8    STACK               startup_msp432p401r_uvision.o


==============================================================================

Image component sizes


      Code (inc. data)   RO Data    RW Data    ZI Data      Debug   Object Name

      4528       1568          0          3          0       1896   labfinal.o
        60         22        324          0        512        944   startup_msp432p401r_uvision.o
       108         22          0          0          0       1993   system_msp432p401r.o

    ----------------------------------------------------------------------
      4696       1612        324          4        516       4833   Object Totals
         0          0          0          0          0          0   (incl. Generated)
         0          0          0          1          4          0   (incl. Padding)

    ----------------------------------------------------------------------

      Code (inc. data)   RO Data    RW Data    ZI Data      Debug   Library Member Name

         6          0          0          0          0        152   heapauxi.o

    ----------------------------------------------------------------------
         8          0          0          0          0        152   Library Totals
         2          0          0          0          0          0   (incl. Padding)

    ----------------------------------------------------------------------

      Code (inc. data)   RO Data    RW Data    ZI Data      Debug   Library Name

         6          0          0          0          0        152   c_w.l

    ----------------------------------------------------------------------
         8          0          0          0          0        152   Library Totals

    ----------------------------------------------------------------------

==============================================================================


      Code (inc. data)   RO Data    RW Data    ZI Data      Debug   

      4704       1612        324          4        516       4885   Grand Totals
      4704       1612        324          4        516       4885   ELF Image Totals
      4704       1612        324          4          0          0   ROM Totals

==============================================================================

    Total RO  Size (Code + RO Data)                 5028 (   4.91kB)
    Total RW  Size (RW Data + ZI Data)               520 (   0.51kB)
    Total ROM Size (Code + RO Data + RW Data)       5032 (   4.91kB)

==============================================================================

